// Vitest Snapshot v1, https://vitest.dev/guide/snapshot.html

exports[`mediainfoParser > parses video mediainfo output 1`] = `
{
  "audio": [
    {
      "bit rate": "128 kb/s",
      "bit rate mode": "Constant",
      "channel layout": "M",
      "channel(s)": "1 channel",
      "codec id": "2 / 40 / mp4a-40-2",
      "compression mode": "Lossy",
      "duration": "31 s 750 ms",
      "encoded date": "2025-02-13 00:04:41 UTC",
      "format": "AAC LC",
      "format/info": "Advanced Audio Codec Low Complexity",
      "frame rate": "46.875 FPS (1024 SPF)",
      "id": "2",
      "sampling rate": "48.0 kHz",
      "source duration": "31 s 808 ms",
      "source stream size": "499 KiB (0%)",
      "stream size": "498 KiB (0%)",
      "tagged date": "2025-02-13 00:05:13 UTC",
      "title": "Core Media Audio",
    },
  ],
  "general": {
    "codec id": "qt   0000.00 (qt  )",
    "complete name": "Screen Recording 2025-02-12 at 4.04.38â€¯PM.mov",
    "duration": "31 s 750 ms",
    "encoded date": "2025-02-13 00:04:41 UTC",
    "file size": "155 MiB",
    "format": "MPEG-4",
    "format profile": "QuickTime",
    "frame rate": "56.277 FPS",
    "overall bit rate": "41.0 Mb/s",
    "recorded date": "2025-02-12T16:04:40-0800",
    "tagged date": "2025-02-13 00:05:13 UTC",
    "writing application": "macOS 14.7 (23H124)",
    "writing hardware": "Apple Mac15,7",
    "writing library": "Apple QuickTime",
  },
  "menu": {},
  "text": [],
  "video": [
    {
      "bit depth": "8 bits",
      "bit rate": "40.0 Mb/s",
      "bits/(pixel*frame)": "0.092",
      "chroma subsampling": "4:2:0 (Type 1)",
      "codec configuration box": "avcC",
      "codec id": "avc1",
      "codec id/info": "Advanced Video Coding",
      "color primaries": "BT.709",
      "color range": "Limited",
      "color space": "YUV",
      "display aspect ratio": "3:2",
      "duration": "31 s 750 ms",
      "encoded date": "2025-02-13 00:04:41 UTC",
      "format": "AVC",
      "format profile": "Main@L5.1",
      "format settings": "CABAC / 2 Ref Frames",
      "format settings, cabac": "Yes",
      "format settings, reference frames": "2 frames",
      "format/info": "Advanced Video Codec",
      "frame rate": "56.277 FPS",
      "frame rate mode": "Variable",
      "height": "2 234 pixels",
      "id": "1",
      "matrix coefficients": "BT.709",
      "maximum frame rate": "60.000 FPS",
      "minimum frame rate": "30.000 FPS",
      "scan type": "Progressive",
      "source duration": "32 s 233 ms",
      "source stream size": "152 MiB (98%)",
      "stream size": "152 MiB (98%)",
      "tagged date": "2025-02-13 00:05:13 UTC",
      "title": "Core Media Video",
      "transfer characteristics": "BT.709",
      "width": "3 456 pixels",
      "writing library": "H.264",
    },
  ],
}
`;
